    5    
    0    0    0    0    0    
    1    1    1    1    1    
    2    2    2    2    2    
    3    3    3    3    3    
    4    4    4    4    4    
    4    5    
   22   23
Completion took 3 ms