    4    
    m    
    a    X    a    X    
    4    3   10    
    7    8    7    3    
    3    
    4    3    4    3    4    3    4    3    4    3    
    0    0    0    0    0    3    
    1    1    1    1    1    3    
    2    2    2    2    2    3    
    3    3    3    3    3    3    
    4    4    4    4    4    3    
    b    Y    
   -1    1   -1    1   -1    4    
    0    2    0    2    0    4    
    1    3    1    3    1    4    
    2    4    2    4    2    4    
    3    5    3    5    3    4    

Completion took 9 ms